# File output to save from 4/27/2014
data.use <- list(BBS.use, BCI.use, CAX.use, COU.use, KRP.use, MAS.use, NNN.use, PSH.use, RNF.use, UDZ.use, VB.use, YAN.use, YAS.use)

> #######################################################################################
> #### SPECIFY WHETHER SPECIES RICHNESS MODELS SHOULD BE RESTRICTED to MAMMALS or BIRDS
> subdata <- subdata1
> for(i in 1:length(data.use)) {
+   subdata[[i]] <- subdata[[i]][subdata[[i]]$Class=="MAMMALIA",]
+   subdata
+ } # Limit species by Class
> #######################################################################################
> ####### Remove excess factor levels
> 
> subdata <- subdata
> for(i in 1:length(data.use)) {
+   subdata[[i]]$bin <- factor(subdata[[i]]$bin)
+   subdata
+ } # Remove excess species from bin factor levels
> 
> 
> events.use <- list()
>   for(i in 1:length(data.use)){
+     events.use[[i]] <- subdata[[i]][!duplicated(as.character(subdata[[i]]$grp)),]
+     events.use
+   } # Extract unique events based on the threshold set in f.separate.events
> 
> 
> ####### Set up for Dorazio et al. 2006 method for estimating species richness without covariates using JAGS #######
> # Input data requires a table of the number of sampling events for each species ("bin") at each camera trap ("Sampling.Unit.Name")
> # Input data requires the number of replicates in which each species was detected (i.e. max=nrepls)
> 
> CTresults <- list()
> for(i in 1:length(data.use)){
+   
+ X <- table(events.use[[i]]$bin, events.use[[i]]$Sampling.Unit.Name)
+ X <- as.matrix(X)  
+ 
+ # Control for the number of sampling day per camera trap
+ effortdays <- as.matrix(cbind(data.use[[i]]$Sampling.Unit.Name, f.start.minus.end(data.use[[i]])))
+ effortdays <- as.matrix(unique(effortdays))
+ effortdays <- effortdays[match(colnames(X), effortdays[,1]),]
+ edays <- as.numeric(effortdays[,2])
+ X <- round(t(t(X)*(edays/30)))
+ 
+ # augment data matrix with an arbitrarily large number of zero row vectors
+ nrepls=30
+ nzeroes = 125
+ n = dim(X)[1]
+ nsites = dim(X)[2]
+ Xaug = rbind(X, matrix(0, nrow=nzeroes, ncol=nsites))
+ 
+ # create arguments for bugs() or JAGS
+ sp.data = list(n=n, nzeroes=nzeroes, J=nsites, K=nrepls, X=Xaug)
+ 
+ # for bugs
+ # sp.params = list('alpha', 'beta', 'rho', 'sigma.u', 'sigma.v', 'omega', 'N')
+ # for JAGS
+ sp.params = c("alpha", "beta", "rho", "sigma.u", "sigma.v", "omega", "N")
+ Xinits <- ifelse(Xaug>0,1,0)
+ 
+ sp.inits = function() {
+   omegaGuess = runif(1, n/(n+nzeroes), 1)
+   psi.meanGuess = runif(1, .25,1)
+   theta.meanGuess = runif(1, .25,1)
+   rhoGuess = runif(1, 0,1)
+   sigma.uGuess = 1
+   sigma.vGuess = 1
+   list(omega=omegaGuess, psi.mean=psi.meanGuess, theta.mean=theta.meanGuess, tau.u=1/(sigma.uGuess^2), tau.v=1/(sigma.vGuess^2), rho=rhoGuess,
+        w=c(rep(1, n), rbinom(nzeroes, size=1, prob=omegaGuess)),
+        phi=rnorm(n+nzeroes, log(psi.meanGuess/(1.-psi.meanGuess)), sigma.uGuess),
+        eta=rnorm(n+nzeroes, log(theta.meanGuess/(1.-theta.meanGuess)), sigma.vGuess),
+        Z = Xinits
+        #Z = matrix(rbinom((n+nzeroes)*nsites, size=1, prob=psi.meanGuess), nrow=(n+nzeroes))
+   )
+ }
+ 
+ library(rjags)
+ 
+ # Parallelize code to run on server
+ # Parallelize code 
+ # Load functions from bugsParallel.r 
+ n.chains <- 4
+ n.iter <- as.integer(250000)
+ n.burnin <- as.integer(125000)
+ n.thin <- 3
+ n.sims <- as.integer(20000)
+ 
+ fitparallel <- bugsParallel(data=sp.data, inits=sp.inits, parameters.to.save=sp.params, model.file="/localdisk/home/lbeaudrot/work/Species-Richness/MultiSpeciesSiteOccModel.txt", 
+                             n.chains=n.chains, n.iter=n.iter, n.burnin=n.burnin, n.thin=n.thin, n.sims=n.sims, digits=3, program=c("JAGS"))
+ 
+ print(fitparallel, digits=3)
+ 
+ sp.mean <- round(mean(fitparallel$sims.list$N), digits=0)
+ sp.median <- median(fitparallel$sims.list$N)
+ sp.mode <- as.numeric(names(sort(table(fitparallel$sims.list$N), decreasing=TRUE))[1])
+ 
+ sp.mean
+ sp.median
+ sp.mode
+ 
+ hist(fitparallel$sims.list$N, breaks=150, xlab="Bird Species Richness", 
+      main=paste(events.use[[i]]$Site.Code[1], substr(events.use[[i]]$Sampling.Period[1],1,4), sep=" "), 
+      sub=paste("Chains = ", n.chains, ",  Iterations =", n.iter, ",  Burnin =", n.burnin, ",  Thin =", n.thin, sep=" "))
+ legend("bottomright", legend=c(paste("Mean", sp.mean, sep=" = "), 
+                                paste("Median", sp.median, sep=" = "), 
+                                paste("Mode", sp.mode, sep=" = "), ""), bty="n")
+ 
+ CTresults[[i]] <- fitparallel
+ CTresults
+ }
Inference for Bugs model at "/localdisk/home/lbeaudrot/work/Species-Richness/MultiSpeciesSiteOccModel.txt", fit using JAGS,
 4 chains, each with 250000 iterations (first 125000 discarded), n.thin = 3
 n.sims = 166668 iterations saved
            mean     sd    2.5%     25%     50%     75%   97.5%  Rhat n.eff
alpha     -0.851  1.004  -3.039  -1.356  -0.775  -0.244   0.909 1.010   520
beta      -4.822  0.776  -6.735  -5.214  -4.694  -4.287  -3.690 1.007  1400
N         28.578  9.308  20.000  23.000  26.000  31.000  53.000 1.005  1700
omega      0.189  0.072   0.101   0.144   0.174   0.214   0.366 1.002  2900
rho        0.380  0.457  -0.709   0.091   0.488   0.750   0.967 1.009   400
sigma.u    1.727  1.356   0.549   1.048   1.399   1.906   5.569 1.010   640
sigma.v    1.520  0.659   0.658   1.052   1.389   1.837   3.126 1.007   580
deviance 755.085 46.847 668.219 722.222 753.672 786.187 850.304 1.007   410

For each parameter, n.eff is a crude measure of effective sample size,
and Rhat is the potential scale reduction factor (at convergence, Rhat=1).

DIC info (using the rule, pD = var(deviance)/2)
pD = 1089.3 and DIC = 1844.4
DIC is an estimate of expected predictive error (lower deviance is better).
Inference for Bugs model at "/localdisk/home/lbeaudrot/work/Species-Richness/MultiSpeciesSiteOccModel.txt", fit using JAGS,
 4 chains, each with 250000 iterations (first 125000 discarded), n.thin = 3
 n.sims = 166668 iterations saved
             mean     sd    2.5%      25%      50%      75%    97.5%  Rhat n.eff
alpha      -0.609  0.653  -2.119   -0.937   -0.545   -0.203    0.506 1.003  1900
beta       -3.677  0.351  -4.484   -3.868   -3.642   -3.447   -3.083 1.003  1100
N          22.038  2.781  20.000   20.000   21.000   23.000   30.000 1.003  2700
omega       0.123  0.033   0.070    0.100    0.120    0.142    0.199 1.001  9400
rho         0.430  0.363  -0.422    0.206    0.495    0.716    0.939 1.001  6300
sigma.u     1.770  0.784   0.837    1.251    1.582    2.065    3.843 1.001 16000
sigma.v     0.981  0.322   0.552    0.760    0.915    1.129    1.789 1.002  3000
deviance 1039.820 43.472 958.638 1009.790 1038.298 1068.310 1129.299 1.002  3700

For each parameter, n.eff is a crude measure of effective sample size,
and Rhat is the potential scale reduction factor (at convergence, Rhat=1).

DIC info (using the rule, pD = var(deviance)/2)
pD = 944.2 and DIC = 1984.0
DIC is an estimate of expected predictive error (lower deviance is better).
Inference for Bugs model at "/localdisk/home/lbeaudrot/work/Species-Richness/MultiSpeciesSiteOccModel.txt", fit using JAGS,
 4 chains, each with 250000 iterations (first 125000 discarded), n.thin = 3
 n.sims = 166668 iterations saved
             mean     sd     2.5%      25%      50%      75%    97.5%  Rhat n.eff
alpha      -0.335  0.539   -1.383   -0.623   -0.344   -0.043    0.732 1.002  3000
beta       -3.727  0.420   -4.619   -3.968   -3.707   -3.465   -2.956 1.002  2100
N          22.632  2.557   21.000   21.000   22.000   23.000   29.000 1.007  1000
omega       0.146  0.034    0.090    0.123    0.143    0.166    0.221 1.002  4400
rho        -0.126  0.379   -0.817   -0.412   -0.135    0.152    0.601 1.002  2300
sigma.u     1.460  1.023    0.636    0.954    1.212    1.609    3.879 1.003  3200
sigma.v     1.415  0.401    0.853    1.147    1.347    1.602    2.392 1.002  2100
deviance 1281.809 44.038 1197.399 1251.704 1281.347 1311.386 1369.919 1.002  4200

For each parameter, n.eff is a crude measure of effective sample size,
and Rhat is the potential scale reduction factor (at convergence, Rhat=1).

DIC info (using the rule, pD = var(deviance)/2)
pD = 969.0 and DIC = 2250.8
DIC is an estimate of expected predictive error (lower deviance is better).
Inference for Bugs model at "/localdisk/home/lbeaudrot/work/Species-Richness/MultiSpeciesSiteOccModel.txt", fit using JAGS,
 4 chains, each with 250000 iterations (first 125000 discarded), n.thin = 3
 n.sims = 166668 iterations saved
            mean     sd    2.5%     25%     50%     75%    97.5%  Rhat n.eff
alpha     -1.393  0.667  -3.020  -1.706  -1.314  -0.974   -0.324 1.004   810
beta      -4.266  0.472  -5.421  -4.504  -4.184  -3.934   -3.585 1.003  1200
N         32.639  6.970  26.000  28.000  31.000  34.000   51.000 1.006   860
omega      0.207  0.056   0.128   0.171   0.199   0.232    0.343 1.003  1700
rho        0.574  0.293  -0.170   0.423   0.640   0.793    0.947 1.006   630
sigma.u    1.313  0.497   0.603   0.966   1.228   1.557    2.541 1.002  1800
sigma.v    0.965  0.398   0.408   0.676   0.891   1.169    1.933 1.002  3100
deviance 957.524 51.071 863.515 921.983 955.574 991.060 1063.071 1.001 12000

For each parameter, n.eff is a crude measure of effective sample size,
and Rhat is the potential scale reduction factor (at convergence, Rhat=1).

DIC info (using the rule, pD = var(deviance)/2)
pD = 1303.8 and DIC = 2261.3
DIC is an estimate of expected predictive error (lower deviance is better).
Inference for Bugs model at "/localdisk/home/lbeaudrot/work/Species-Richness/MultiSpeciesSiteOccModel.txt", fit using JAGS,
 4 chains, each with 250000 iterations (first 125000 discarded), n.thin = 3
 n.sims = 166668 iterations saved
             mean     sd     2.5%      25%      50%      75%    97.5%  Rhat n.eff
alpha      -0.945  0.804   -2.637   -1.415   -0.927   -0.437    0.599 1.003  2000
beta       -4.437  0.600   -5.900   -4.743   -4.343   -4.028   -3.547 1.001  4900
N          26.275  5.640   20.000   22.000   25.000   28.000   41.000 1.002  4100
omega       0.179  0.050    0.104    0.145    0.172    0.205    0.299 1.001  8300
rho         0.590  0.341   -0.308    0.434    0.691    0.844    0.967 1.006  1000
sigma.u     1.772  0.790    0.880    1.335    1.647    2.046    3.302 1.007   950
sigma.v     1.364  0.507    0.670    1.002    1.265    1.619    2.632 1.003  1200
deviance 1125.631 51.747 1029.697 1089.592 1123.813 1159.814 1231.949 1.002  1900

For each parameter, n.eff is a crude measure of effective sample size,
and Rhat is the potential scale reduction factor (at convergence, Rhat=1).

DIC info (using the rule, pD = var(deviance)/2)
pD = 1336.8 and DIC = 2462.4
DIC is an estimate of expected predictive error (lower deviance is better).
Inference for Bugs model at "/localdisk/home/lbeaudrot/work/Species-Richness/MultiSpeciesSiteOccModel.txt", fit using JAGS,
 4 chains, each with 250000 iterations (first 125000 discarded), n.thin = 3
 n.sims = 166668 iterations saved
             mean     sd     2.5%      25%      50%      75%    97.5%  Rhat n.eff
alpha      -0.638  0.543   -1.769   -0.956   -0.620   -0.300    0.372 1.004   970
beta       -4.995  0.617   -6.480   -5.323   -4.909   -4.569   -4.033 1.025   160
N          29.538  4.895   24.000   26.000   28.000   31.000   43.000 1.023   130
omega       0.196  0.046    0.123    0.164    0.190    0.221    0.302 1.010   280
rho         0.512  0.369   -0.437    0.318    0.611    0.794    0.956 1.002  3300
sigma.u     0.894  0.357    0.386    0.644    0.833    1.070    1.764 1.002  4200
sigma.v     1.634  0.482    0.913    1.291    1.562    1.894    2.788 1.014   210
deviance 1520.042 64.148 1396.248 1476.287 1519.456 1563.031 1647.034 1.004   930

For each parameter, n.eff is a crude measure of effective sample size,
and Rhat is the potential scale reduction factor (at convergence, Rhat=1).

DIC info (using the rule, pD = var(deviance)/2)
pD = 2050.8 and DIC = 3570.9
DIC is an estimate of expected predictive error (lower deviance is better).
Inference for Bugs model at "/localdisk/home/lbeaudrot/work/Species-Richness/MultiSpeciesSiteOccModel.txt", fit using JAGS,
 4 chains, each with 250000 iterations (first 125000 discarded), n.thin = 3
 n.sims = 166668 iterations saved
             mean     sd     2.5%      25%      50%      75%    97.5%  Rhat n.eff
alpha      -1.703  0.714   -3.381   -2.110   -1.604   -1.204   -0.563 1.015   360
beta       -4.482  0.577   -5.885   -4.793   -4.378   -4.071   -3.632 1.013   550
N          38.398  9.072   29.000   32.000   36.000   41.000   63.000 1.020   340
omega       0.219  0.069    0.125    0.173    0.205    0.248    0.394 1.010   520
rho         0.905  0.119    0.560    0.880    0.946    0.979    0.998 1.003  2000
sigma.u     1.620  0.436    0.940    1.316    1.557    1.858    2.651 1.007   530
sigma.v     1.241  0.367    0.706    0.981    1.177    1.433    2.124 1.003  1900
deviance 1180.722 45.939 1095.865 1148.759 1178.866 1210.655 1275.664 1.002  3400

For each parameter, n.eff is a crude measure of effective sample size,
and Rhat is the potential scale reduction factor (at convergence, Rhat=1).

DIC info (using the rule, pD = var(deviance)/2)
pD = 1054.2 and DIC = 2235.0
DIC is an estimate of expected predictive error (lower deviance is better).
Inference for Bugs model at "/localdisk/home/lbeaudrot/work/Species-Richness/MultiSpeciesSiteOccModel.txt", fit using JAGS,
 4 chains, each with 250000 iterations (first 125000 discarded), n.thin = 3
 n.sims = 166668 iterations saved
             mean     sd     2.5%      25%      50%      75%    97.5%  Rhat n.eff
alpha      -2.492  0.698   -4.138   -2.837   -2.379   -2.023   -1.463 1.007   570
beta       -3.073  0.385   -3.974   -3.285   -3.024   -2.806   -2.457 1.004  1200
N          35.992  7.746   28.000   31.000   34.000   38.000   56.000 1.006   740
omega       0.190  0.061    0.108    0.151    0.179    0.216    0.339 1.003  1200
rho         0.750  0.181    0.279    0.668    0.795    0.881    0.966 1.002  2600
sigma.u     1.601  0.429    0.968    1.298    1.536    1.829    2.600 1.003  1400
sigma.v     0.986  0.247    0.613    0.809    0.949    1.122    1.569 1.001 20000
deviance 1091.236 21.319 1053.174 1076.246 1089.923 1104.807 1136.618 1.001 11000

For each parameter, n.eff is a crude measure of effective sample size,
and Rhat is the potential scale reduction factor (at convergence, Rhat=1).

DIC info (using the rule, pD = var(deviance)/2)
pD = 227.2 and DIC = 1318.4
DIC is an estimate of expected predictive error (lower deviance is better).
Inference for Bugs model at "/localdisk/home/lbeaudrot/work/Species-Richness/MultiSpeciesSiteOccModel.txt", fit using JAGS,
 4 chains, each with 250000 iterations (first 125000 discarded), n.thin = 3
 n.sims = 166668 iterations saved
            mean     sd    2.5%     25%     50%     75%   97.5%  Rhat n.eff
alpha     -0.317  0.434  -1.251  -0.569  -0.292  -0.033   0.462 1.012   270
beta      -4.033  0.511  -5.212  -4.299  -3.982  -3.705  -3.156 1.009   730
N         11.980  1.615  11.000  11.000  11.000  12.000  17.000 1.015  1000
omega      0.094  0.027   0.049   0.075   0.091   0.110   0.155 1.001  9000
rho        0.535  0.435  -0.594   0.311   0.676   0.877   0.990 1.012   270
sigma.u    0.662  0.390   0.217   0.410   0.576   0.806   1.626 1.004   790
sigma.v    1.220  0.498   0.577   0.875   1.112   1.448   2.498 1.009   330
deviance 624.893 37.413 553.277 599.061 624.456 650.100 699.196 1.008   380

For each parameter, n.eff is a crude measure of effective sample size,
and Rhat is the potential scale reduction factor (at convergence, Rhat=1).

DIC info (using the rule, pD = var(deviance)/2)
pD = 694.2 and DIC = 1319.1
DIC is an estimate of expected predictive error (lower deviance is better).
Inference for Bugs model at "/localdisk/home/lbeaudrot/work/Species-Richness/MultiSpeciesSiteOccModel.txt", fit using JAGS,
 4 chains, each with 250000 iterations (first 125000 discarded), n.thin = 3
 n.sims = 166668 iterations saved
             mean     sd    2.5%      25%      50%      75%    97.5%  Rhat n.eff
alpha      -1.922  1.074  -4.345   -2.490   -1.814   -1.241   -0.073 1.002  1900
beta       -4.433  0.783  -6.431   -4.785   -4.283   -3.907   -3.379 1.012   730
N          38.326 11.947  26.000   31.000   35.000   42.000   70.000 1.003  1600
omega       0.241  0.087   0.132    0.184    0.222    0.275    0.464 1.002  2100
rho         0.394  0.347  -0.468    0.205    0.465    0.655    0.864 1.005  1100
sigma.u     2.060  0.769   1.112    1.580    1.925    2.365    3.734 1.002 42000
sigma.v     1.450  0.602   0.652    1.025    1.329    1.741    2.972 1.005  1100
deviance 1038.625 47.110 952.772 1005.640 1036.294 1069.346 1136.840 1.002  3800

For each parameter, n.eff is a crude measure of effective sample size,
and Rhat is the potential scale reduction factor (at convergence, Rhat=1).

DIC info (using the rule, pD = var(deviance)/2)
pD = 1108.8 and DIC = 2147.4
DIC is an estimate of expected predictive error (lower deviance is better).
Inference for Bugs model at "/localdisk/home/lbeaudrot/work/Species-Richness/MultiSpeciesSiteOccModel.txt", fit using JAGS,
 4 chains, each with 250000 iterations (first 125000 discarded), n.thin = 3
 n.sims = 166668 iterations saved
            mean     sd    2.5%     25%     50%     75%   97.5%  Rhat n.eff
alpha     -2.124  0.819  -4.194  -2.508  -1.983  -1.598  -0.867 1.030   140
beta      -3.962  0.581  -5.473  -4.214  -3.830  -3.562  -3.206 1.007   620
N         25.296  8.537  18.000  20.000  23.000  27.000  48.000 1.025   310
omega      0.168  0.067   0.088   0.128   0.155   0.191   0.336 1.012   480
rho        0.819  0.226   0.149   0.764   0.900   0.965   0.997 1.011  1700
sigma.u    1.347  0.542   0.475   0.981   1.264   1.624   2.672 1.018   170
sigma.v    0.892  0.437   0.341   0.589   0.792   1.076   2.046 1.007   450
deviance 534.133 32.629 475.868 511.346 532.102 554.731 604.072 1.005   700

For each parameter, n.eff is a crude measure of effective sample size,
and Rhat is the potential scale reduction factor (at convergence, Rhat=1).

DIC info (using the rule, pD = var(deviance)/2)
pD = 530.0 and DIC = 1064.1
DIC is an estimate of expected predictive error (lower deviance is better).
Inference for Bugs model at "/localdisk/home/lbeaudrot/work/Species-Richness/MultiSpeciesSiteOccModel.txt", fit using JAGS,
 4 chains, each with 250000 iterations (first 125000 discarded), n.thin = 3
 n.sims = 166668 iterations saved
            mean     sd    2.5%     25%     50%     75%   97.5%  Rhat n.eff
alpha     -0.377  0.647  -1.688  -0.726  -0.358  -0.003   0.852 1.016   330
beta      -4.605  0.819  -6.674  -4.931  -4.476  -4.097  -3.474 1.071   120
N         23.936  5.990  20.000  21.000  22.000  25.000  37.000 1.123    59
omega      0.137  0.051   0.074   0.107   0.128   0.155   0.249 1.041   110
rho        0.260  0.470  -0.695  -0.086   0.314   0.649   0.966 1.002  1800
sigma.u    1.121  0.901   0.297   0.647   0.909   1.276   3.576 1.022   120
sigma.v    1.686  0.607   0.854   1.268   1.571   1.963   3.217 1.020   160
deviance 764.116 38.696 689.543 737.539 763.775 790.255 840.939 1.002  2900

For each parameter, n.eff is a crude measure of effective sample size,
and Rhat is the potential scale reduction factor (at convergence, Rhat=1).

DIC info (using the rule, pD = var(deviance)/2)
pD = 748.0 and DIC = 1512.1
DIC is an estimate of expected predictive error (lower deviance is better).
Inference for Bugs model at "/localdisk/home/lbeaudrot/work/Species-Richness/MultiSpeciesSiteOccModel.txt", fit using JAGS,
 4 chains, each with 250000 iterations (first 125000 discarded), n.thin = 3
 n.sims = 166668 iterations saved
             mean     sd     2.5%      25%      50%      75%    97.5%  Rhat n.eff
alpha      -1.079  0.401   -1.975   -1.317   -1.043   -0.794   -0.394 1.009   420
beta       -3.280  0.255   -3.874   -3.425   -3.252   -3.107   -2.844 1.007   690
N          27.256  2.522   25.000   26.000   27.000   28.000   34.000 1.017   310
omega       0.167  0.035    0.107    0.142    0.164    0.188    0.242 1.003  1600
rho         0.942  0.082    0.710    0.930    0.970    0.989    0.999 1.017   640
sigma.u     1.335  0.310    0.856    1.111    1.292    1.511    2.079 1.012   240
sigma.v     0.814  0.203    0.517    0.667    0.779    0.923    1.300 1.007   420
deviance 1599.060 40.531 1524.302 1570.950 1597.528 1625.530 1682.992 1.001  8500

For each parameter, n.eff is a crude measure of effective sample size,
and Rhat is the potential scale reduction factor (at convergence, Rhat=1).

DIC info (using the rule, pD = var(deviance)/2)
pD = 821.1 and DIC = 2420.2
DIC is an estimate of expected predictive error (lower deviance is better).
> 